
     Program PWSCF v.6.6 starts on 19Nov2020 at 11: 9:14 

     This program is part of the open-source Quantum ESPRESSO suite
     for quantum simulation of materials; please cite
         "P. Giannozzi et al., J. Phys.:Condens. Matter 21 395502 (2009);
         "P. Giannozzi et al., J. Phys.:Condens. Matter 29 465901 (2017);
          URL http://www.quantum-espresso.org", 
     in publications or presentations arising from this work. More details at
     http://www.quantum-espresso.org/quote

     Parallel version (MPI), running on     4 processors

     MPI processes distributed on     1 nodes
     R & G space division:  proc/nbgrp/npool/nimage =       4
     Fft bands division:     nmany     =       1
     Waiting for input...
     Reading input from standard input

     Current dimensions of program PWSCF are:
     Max number of different atomic species (ntypx) = 10
     Max number of k-points (npk) =  40000
     Max angular momentum in pseudopotentials (lmaxx) =  3
     WARNING: atomic wfc #  2 for atom typeCe has zero norm
     WARNING: atomic wfc #  5 for atom typeCe has zero norm
     WARNING: atomic wfc #  7 for atom typeCe has zero norm

     Subspace diagonalization in iterative solution of the eigenvalue problem:
     one sub-group per band group will be used
     scalapack distributed-memory algorithm (size of sub-group:  2*  2 procs)

 
     Parallelization info
     --------------------
     sticks:   dense  smooth     PW     G-vecs:    dense   smooth      PW
     Min         433     433    124                11861    11861    1779
     Max         434     434    126                11863    11863    1781
     Sum        1735    1735    499                47447    47447    7119
 


     bravais-lattice index     =            2
     lattice parameter (alat)  =      10.2229  a.u.
     unit-cell volume          =     267.0920 (a.u.)^3
     number of atoms/cell      =            3
     number of atomic types    =            2
     number of electrons       =        24.00
     number of Kohn-Sham states=           12
     kinetic-energy cutoff     =     120.0000  Ry
     charge density cutoff     =     480.0000  Ry
     convergence threshold     =      1.0E-08
     mixing beta               =       0.2000
     number of iterations used =            8  plain     mixing
     Exchange-correlation=  SLA  PW   PBX  PBC
                           (   1   4   3   4   0   0   0)

     celldm(1)=  10.222889  celldm(2)=   0.000000  celldm(3)=   0.000000
     celldm(4)=   0.000000  celldm(5)=   0.000000  celldm(6)=   0.000000

     crystal axes: (cart. coord. in units of alat)
               a(1) = (  -0.500000   0.000000   0.500000 )  
               a(2) = (   0.000000   0.500000   0.500000 )  
               a(3) = (  -0.500000   0.500000   0.000000 )  

     reciprocal axes: (cart. coord. in units 2 pi/alat)
               b(1) = ( -1.000000 -1.000000  1.000000 )  
               b(2) = (  1.000000  1.000000  1.000000 )  
               b(3) = ( -1.000000  1.000000 -1.000000 )  


     PseudoPot. # 1 for Ce read from file:
     ./pseudo/Ce.pbe-tm-semi-dc-dipaw.UPF
     MD5 check sum: 6824a9a3529fdd92587692c433c8c225
     Pseudo is Norm-conserving + core correction, Zval = 12.0
     Generated using "atomic" code by A. Dal Corso v.6.2
     Using radial grid of 1667 points,  3 beta functions with: 
                l(1) =   3
                l(2) =   2
                l(3) =   1

     PseudoPot. # 2 for O  read from file:
     ./pseudo/O.pbe-tm-gipaw-dc.UPF
     MD5 check sum: cd70c9dcf1f7d755502eb127a1501eea
     Pseudo is Norm-conserving, Zval =  6.0
     Generated by new atomic code, or converted to UPF format
     Using radial grid of 1469 points,  1 beta functions with: 
                l(1) =   0

     atomic species   valence    mass     pseudopotential
        Ce            12.00   140.11600     Ce( 1.00)
        O              6.00    15.99940     O ( 1.00)

     48 Sym. Ops., with inversion, found



   Cartesian axes

     site n.     atom                  positions (alat units)
         1           Ce  tau(   1) = (   0.0000000   0.0000000   0.0000000  )
         2           O   tau(   2) = (   0.2500000   0.2500000   0.2500000  )
         3           O   tau(   3) = (   0.7500000   0.7500000   0.7500000  )

     number of k points=     8
                       cart. coord. in units 2pi/alat
        k(    1) = (   0.0000000   0.0000000   0.0000000), wk =   0.0312500
        k(    2) = (  -0.2500000   0.2500000  -0.2500000), wk =   0.2500000
        k(    3) = (   0.5000000  -0.5000000   0.5000000), wk =   0.1250000
        k(    4) = (   0.0000000   0.5000000   0.0000000), wk =   0.1875000
        k(    5) = (   0.7500000  -0.2500000   0.7500000), wk =   0.7500000
        k(    6) = (   0.5000000   0.0000000   0.5000000), wk =   0.3750000
        k(    7) = (   0.0000000  -1.0000000   0.0000000), wk =   0.0937500
        k(    8) = (  -0.5000000  -1.0000000   0.0000000), wk =   0.1875000

     Dense  grid:    47447 G-vectors     FFT dimensions: (  54,  54,  54)

     Estimated max dynamical RAM per process >      13.80 MB

     Estimated total dynamical RAM >      55.20 MB

     Initial potential from superposition of free atoms

     starting charge   21.99999, renormalised to   24.00000
     Starting wfcs are   32 randomized atomic wfcs

     total cpu time spent up to now is        1.2 secs

     Self-consistent Calculation

     iteration #  1     ecut=   120.00 Ry     beta= 0.20
     Davidson diagonalization with overlap
     ethr =  1.00E-04,  avg # of iterations =  4.1

     total cpu time spent up to now is        2.3 secs

     total energy              =    -161.29276144 Ry
     estimated scf accuracy    <       1.45652117 Ry

     iteration #  2     ecut=   120.00 Ry     beta= 0.20
     Davidson diagonalization with overlap
     ethr =  6.07E-03,  avg # of iterations =  1.0

     total cpu time spent up to now is        3.0 secs

     total energy              =    -160.96550618 Ry
     estimated scf accuracy    <       0.60517779 Ry

     iteration #  3     ecut=   120.00 Ry     beta= 0.20
     Davidson diagonalization with overlap
     ethr =  2.52E-03,  avg # of iterations =  5.2

     total cpu time spent up to now is        3.9 secs

     total energy              =    -161.07662687 Ry
     estimated scf accuracy    <       0.17299101 Ry

     iteration #  4     ecut=   120.00 Ry     beta= 0.20
     Davidson diagonalization with overlap
     ethr =  7.21E-04,  avg # of iterations =  5.0

     total cpu time spent up to now is        5.0 secs

     total energy              =    -161.05166352 Ry
     estimated scf accuracy    <       0.38528998 Ry

     iteration #  5     ecut=   120.00 Ry     beta= 0.20
     Davidson diagonalization with overlap
     ethr =  7.21E-04,  avg # of iterations =  7.8

     total cpu time spent up to now is        6.3 secs

     total energy              =    -161.23394012 Ry
     estimated scf accuracy    <       0.43688111 Ry

     iteration #  6     ecut=   120.00 Ry     beta= 0.20
     Davidson diagonalization with overlap
     ethr =  7.21E-04,  avg # of iterations =  1.1

     total cpu time spent up to now is        6.8 secs

     total energy              =    -161.23896028 Ry
     estimated scf accuracy    <       0.50087817 Ry

     iteration #  7     ecut=   120.00 Ry     beta= 0.20
     Davidson diagonalization with overlap
     ethr =  7.21E-04,  avg # of iterations =  1.0

     total cpu time spent up to now is        7.4 secs

     total energy              =    -160.97370637 Ry
     estimated scf accuracy    <       0.52063805 Ry

     iteration #  8     ecut=   120.00 Ry     beta= 0.20
     Davidson diagonalization with overlap
     ethr =  7.21E-04,  avg # of iterations =  7.1

     total cpu time spent up to now is        8.9 secs

     total energy              =    -161.21753622 Ry
     estimated scf accuracy    <       0.26379115 Ry

     iteration #  9     ecut=   120.00 Ry     beta= 0.20
     Davidson diagonalization with overlap
     ethr =  7.21E-04,  avg # of iterations =  1.0

     total cpu time spent up to now is       10.0 secs

     total energy              =    -161.20316835 Ry
     estimated scf accuracy    <       0.21362484 Ry

     iteration # 10     ecut=   120.00 Ry     beta= 0.20
     Davidson diagonalization with overlap
     ethr =  7.21E-04,  avg # of iterations =  1.0

     total cpu time spent up to now is       11.1 secs

     total energy              =    -161.25282248 Ry
     estimated scf accuracy    <       0.17379075 Ry

     iteration # 11     ecut=   120.00 Ry     beta= 0.20
     Davidson diagonalization with overlap
     ethr =  7.21E-04,  avg # of iterations =  1.0

     total cpu time spent up to now is       12.1 secs

     total energy              =    -161.14731654 Ry
     estimated scf accuracy    <       0.28547085 Ry

     iteration # 12     ecut=   120.00 Ry     beta= 0.20
     Davidson diagonalization with overlap
     ethr =  7.21E-04,  avg # of iterations =  2.0

     total cpu time spent up to now is       13.2 secs

     total energy              =    -161.20893907 Ry
     estimated scf accuracy    <       0.08510477 Ry

     iteration # 13     ecut=   120.00 Ry     beta= 0.20
     Davidson diagonalization with overlap
     ethr =  3.55E-04,  avg # of iterations =  1.1

     total cpu time spent up to now is       14.1 secs

     total energy              =    -161.20904589 Ry
     estimated scf accuracy    <       0.16710859 Ry

     iteration # 14     ecut=   120.00 Ry     beta= 0.20
     Davidson diagonalization with overlap
     ethr =  3.55E-04,  avg # of iterations =  1.0

     total cpu time spent up to now is       15.1 secs

     total energy              =    -161.08541801 Ry
     estimated scf accuracy    <       0.16473526 Ry

     iteration # 15     ecut=   120.00 Ry     beta= 0.20
     Davidson diagonalization with overlap
     c_bands:  2 eigenvalues not converged
     ethr =  3.55E-04,  avg # of iterations = 13.2

     total cpu time spent up to now is       17.4 secs

     total energy              =    -161.21604874 Ry
     estimated scf accuracy    <       3.35498871 Ry

     iteration # 16     ecut=   120.00 Ry     beta= 0.20
     Davidson diagonalization with overlap
     ethr =  3.55E-04,  avg # of iterations =  6.0

     total cpu time spent up to now is       18.8 secs

     total energy              =    -161.15797914 Ry
     estimated scf accuracy    <       1.23494601 Ry

     iteration # 17     ecut=   120.00 Ry     beta= 0.20
     Davidson diagonalization with overlap
     ethr =  3.55E-04,  avg # of iterations =  6.2

     total cpu time spent up to now is       20.1 secs

     total energy              =    -161.17685352 Ry
     estimated scf accuracy    <       0.31867562 Ry

     iteration # 18     ecut=   120.00 Ry     beta= 0.20
     Davidson diagonalization with overlap
     ethr =  3.55E-04,  avg # of iterations =  2.0

     total cpu time spent up to now is       21.1 secs

     total energy              =    -161.18528231 Ry
     estimated scf accuracy    <       0.20443277 Ry

     iteration # 19     ecut=   120.00 Ry     beta= 0.20
     Davidson diagonalization with overlap
     ethr =  3.55E-04,  avg # of iterations =  1.0

     total cpu time spent up to now is       22.0 secs

     total energy              =    -161.20227677 Ry
     estimated scf accuracy    <       0.20050676 Ry

     iteration # 20     ecut=   120.00 Ry     beta= 0.20
     Davidson diagonalization with overlap
     ethr =  3.55E-04,  avg # of iterations =  1.0

     total cpu time spent up to now is       22.9 secs

     total energy              =    -161.14156171 Ry
     estimated scf accuracy    <       0.22906337 Ry

     iteration # 21     ecut=   120.00 Ry     beta= 0.20
     Davidson diagonalization with overlap
     ethr =  3.55E-04,  avg # of iterations =  6.0

     total cpu time spent up to now is       24.5 secs

     total energy              =    -161.16354039 Ry
     estimated scf accuracy    <       0.00818548 Ry

     iteration # 22     ecut=   120.00 Ry     beta= 0.20
     Davidson diagonalization with overlap
     ethr =  3.41E-05,  avg # of iterations = 12.0

     total cpu time spent up to now is       26.8 secs

     total energy              =    -161.17797481 Ry
     estimated scf accuracy    <       0.16860986 Ry

     iteration # 23     ecut=   120.00 Ry     beta= 0.20
     Davidson diagonalization with overlap
     ethr =  3.41E-05,  avg # of iterations =  7.0

     total cpu time spent up to now is       28.5 secs

     total energy              =    -161.18154658 Ry
     estimated scf accuracy    <       0.04962819 Ry

     iteration # 24     ecut=   120.00 Ry     beta= 0.20
     Davidson diagonalization with overlap
     ethr =  3.41E-05,  avg # of iterations =  1.5

     total cpu time spent up to now is       29.5 secs

     total energy              =    -161.18124129 Ry
     estimated scf accuracy    <       0.04165926 Ry

     iteration # 25     ecut=   120.00 Ry     beta= 0.20
     Davidson diagonalization with overlap
     ethr =  3.41E-05,  avg # of iterations =  1.0

     total cpu time spent up to now is       30.3 secs

     total energy              =    -161.18382956 Ry
     estimated scf accuracy    <       0.03958962 Ry

     iteration # 26     ecut=   120.00 Ry     beta= 0.20
     Davidson diagonalization with overlap
     ethr =  3.41E-05,  avg # of iterations =  1.0

     total cpu time spent up to now is       31.2 secs

     total energy              =    -161.18031440 Ry
     estimated scf accuracy    <       0.04323043 Ry

     iteration # 27     ecut=   120.00 Ry     beta= 0.20
     Davidson diagonalization with overlap
     ethr =  3.41E-05,  avg # of iterations =  1.1

     total cpu time spent up to now is       32.1 secs

     total energy              =    -161.18068821 Ry
     estimated scf accuracy    <       0.03329701 Ry

     iteration # 28     ecut=   120.00 Ry     beta= 0.20
     Davidson diagonalization with overlap
     ethr =  3.41E-05,  avg # of iterations =  1.0

     total cpu time spent up to now is       33.0 secs

     total energy              =    -161.17444611 Ry
     estimated scf accuracy    <       0.03329381 Ry

     iteration # 29     ecut=   120.00 Ry     beta= 0.20
     Davidson diagonalization with overlap
     ethr =  3.41E-05,  avg # of iterations =  6.1

     total cpu time spent up to now is       34.4 secs

     total energy              =    -161.17501182 Ry
     estimated scf accuracy    <       0.00481472 Ry

     iteration # 30     ecut=   120.00 Ry     beta= 0.20
     Davidson diagonalization with overlap
     ethr =  2.01E-05,  avg # of iterations =  8.1

     total cpu time spent up to now is       35.9 secs

     total energy              =    -161.17843462 Ry
     estimated scf accuracy    <       0.00956598 Ry

     iteration # 31     ecut=   120.00 Ry     beta= 0.20
     Davidson diagonalization with overlap
     ethr =  2.01E-05,  avg # of iterations =  1.1

     total cpu time spent up to now is       36.6 secs

     total energy              =    -161.18314157 Ry
     estimated scf accuracy    <       0.00553043 Ry

     iteration # 32     ecut=   120.00 Ry     beta= 0.20
     Davidson diagonalization with overlap
     ethr =  2.01E-05,  avg # of iterations =  7.4

     total cpu time spent up to now is       38.0 secs

     total energy              =    -161.17674003 Ry
     estimated scf accuracy    <       0.04652120 Ry

     iteration # 33     ecut=   120.00 Ry     beta= 0.20
     Davidson diagonalization with overlap
     ethr =  2.01E-05,  avg # of iterations =  7.0

     total cpu time spent up to now is       39.2 secs

     total energy              =    -161.17549448 Ry
     estimated scf accuracy    <       0.00985229 Ry

     iteration # 34     ecut=   120.00 Ry     beta= 0.20
     Davidson diagonalization with overlap
     ethr =  2.01E-05,  avg # of iterations =  7.2

     total cpu time spent up to now is       40.4 secs

     total energy              =    -161.17741026 Ry
     estimated scf accuracy    <       0.00438780 Ry

     iteration # 35     ecut=   120.00 Ry     beta= 0.20
     Davidson diagonalization with overlap
     ethr =  1.83E-05,  avg # of iterations =  5.0

     total cpu time spent up to now is       41.3 secs

     total energy              =    -161.17850280 Ry
     estimated scf accuracy    <       0.00011102 Ry

     iteration # 36     ecut=   120.00 Ry     beta= 0.20
     Davidson diagonalization with overlap
     c_bands:  1 eigenvalues not converged
     ethr =  4.63E-07,  avg # of iterations = 14.6

     total cpu time spent up to now is       43.3 secs

     total energy              =    -161.17995392 Ry
     estimated scf accuracy    <       0.00870213 Ry

     iteration # 37     ecut=   120.00 Ry     beta= 0.20
     Davidson diagonalization with overlap
     ethr =  4.63E-07,  avg # of iterations =  1.6

     total cpu time spent up to now is       44.1 secs

     total energy              =    -161.18026415 Ry
     estimated scf accuracy    <       0.00900056 Ry

     iteration # 38     ecut=   120.00 Ry     beta= 0.20
     Davidson diagonalization with overlap
     ethr =  4.63E-07,  avg # of iterations =  5.9

     total cpu time spent up to now is       45.6 secs

     total energy              =    -161.18006224 Ry
     estimated scf accuracy    <       0.01156377 Ry

     iteration # 39     ecut=   120.00 Ry     beta= 0.20
     Davidson diagonalization with overlap
     ethr =  4.63E-07,  avg # of iterations =  1.0

     total cpu time spent up to now is       46.5 secs

     total energy              =    -161.17898953 Ry
     estimated scf accuracy    <       0.01112855 Ry

     iteration # 40     ecut=   120.00 Ry     beta= 0.20
     Davidson diagonalization with overlap
     ethr =  4.63E-07,  avg # of iterations =  8.1

     total cpu time spent up to now is       48.3 secs

     total energy              =    -161.17907560 Ry
     estimated scf accuracy    <       0.00488877 Ry

     iteration # 41     ecut=   120.00 Ry     beta= 0.20
     Davidson diagonalization with overlap
     ethr =  4.63E-07,  avg # of iterations =  1.8

     total cpu time spent up to now is       49.2 secs

     total energy              =    -161.17893074 Ry
     estimated scf accuracy    <       0.00462224 Ry

     iteration # 42     ecut=   120.00 Ry     beta= 0.20
     Davidson diagonalization with overlap
     ethr =  4.63E-07,  avg # of iterations =  2.9

     total cpu time spent up to now is       50.2 secs

     total energy              =    -161.17893917 Ry
     estimated scf accuracy    <       0.00402628 Ry

     iteration # 43     ecut=   120.00 Ry     beta= 0.20
     Davidson diagonalization with overlap
     ethr =  4.63E-07,  avg # of iterations =  1.0

     total cpu time spent up to now is       51.1 secs

     total energy              =    -161.17895333 Ry
     estimated scf accuracy    <       0.00397474 Ry

     iteration # 44     ecut=   120.00 Ry     beta= 0.20
     Davidson diagonalization with overlap
     ethr =  4.63E-07,  avg # of iterations =  1.8

     total cpu time spent up to now is       52.1 secs

     total energy              =    -161.17800134 Ry
     estimated scf accuracy    <       0.00390284 Ry

     iteration # 45     ecut=   120.00 Ry     beta= 0.20
     Davidson diagonalization with overlap
     ethr =  4.63E-07,  avg # of iterations = 12.2

     total cpu time spent up to now is       55.5 secs

     total energy              =    -161.17859625 Ry
     estimated scf accuracy    <       0.00000745 Ry

     iteration # 46     ecut=   120.00 Ry     beta= 0.20
     Davidson diagonalization with overlap
     ethr =  3.10E-08,  avg # of iterations =  7.9

     total cpu time spent up to now is       58.9 secs

     total energy              =    -161.17859798 Ry
     estimated scf accuracy    <       0.00003355 Ry

     iteration # 47     ecut=   120.00 Ry     beta= 0.20
     Davidson diagonalization with overlap
     ethr =  3.10E-08,  avg # of iterations =  6.0

     total cpu time spent up to now is       62.2 secs

     total energy              =    -161.17859655 Ry
     estimated scf accuracy    <       0.00000783 Ry

     iteration # 48     ecut=   120.00 Ry     beta= 0.20
     Davidson diagonalization with overlap
     ethr =  3.10E-08,  avg # of iterations =  8.1

     total cpu time spent up to now is       63.8 secs

     total energy              =    -161.17860019 Ry
     estimated scf accuracy    <       0.00000517 Ry

     iteration # 49     ecut=   120.00 Ry     beta= 0.20
     Davidson diagonalization with overlap
     ethr =  2.16E-08,  avg # of iterations =  3.5

     total cpu time spent up to now is       65.1 secs

     total energy              =    -161.17859993 Ry
     estimated scf accuracy    <       0.00000103 Ry

     iteration # 50     ecut=   120.00 Ry     beta= 0.20
     Davidson diagonalization with overlap
     ethr =  4.31E-09,  avg # of iterations = 10.4

     total cpu time spent up to now is       68.9 secs

     total energy              =    -161.17859933 Ry
     estimated scf accuracy    <       0.00001522 Ry

     iteration # 51     ecut=   120.00 Ry     beta= 0.20
     Davidson diagonalization with overlap
     ethr =  4.31E-09,  avg # of iterations =  7.1

     total cpu time spent up to now is       74.4 secs

     total energy              =    -161.17860090 Ry
     estimated scf accuracy    <       0.00000018 Ry

     iteration # 52     ecut=   120.00 Ry     beta= 0.20
     Davidson diagonalization with overlap
     ethr =  7.38E-10,  avg # of iterations = 10.0

     total cpu time spent up to now is       78.4 secs

     total energy              =    -161.17860119 Ry
     estimated scf accuracy    <       0.00000085 Ry

     iteration # 53     ecut=   120.00 Ry     beta= 0.20
     Davidson diagonalization with overlap
     ethr =  7.38E-10,  avg # of iterations =  1.8

     total cpu time spent up to now is       81.4 secs

     total energy              =    -161.17860082 Ry
     estimated scf accuracy    <       0.00000057 Ry

     iteration # 54     ecut=   120.00 Ry     beta= 0.20
     Davidson diagonalization with overlap
     ethr =  7.38E-10,  avg # of iterations = 11.9

     total cpu time spent up to now is       88.3 secs

     total energy              =    -161.17860120 Ry
     estimated scf accuracy    <       0.00000217 Ry

     iteration # 55     ecut=   120.00 Ry     beta= 0.20
     Davidson diagonalization with overlap
     ethr =  7.38E-10,  avg # of iterations =  4.8

     total cpu time spent up to now is       89.9 secs

     total energy              =    -161.17860131 Ry
     estimated scf accuracy    <       0.00000120 Ry

     iteration # 56     ecut=   120.00 Ry     beta= 0.20
     Davidson diagonalization with overlap
     ethr =  7.38E-10,  avg # of iterations =  1.0

     total cpu time spent up to now is       91.4 secs

     total energy              =    -161.17860122 Ry
     estimated scf accuracy    <       0.00000133 Ry

     iteration # 57     ecut=   120.00 Ry     beta= 0.20
     Davidson diagonalization with overlap
     ethr =  7.38E-10,  avg # of iterations =  1.1

     total cpu time spent up to now is       93.0 secs

     total energy              =    -161.17860116 Ry
     estimated scf accuracy    <       0.00000109 Ry

     iteration # 58     ecut=   120.00 Ry     beta= 0.20
     Davidson diagonalization with overlap
     ethr =  7.38E-10,  avg # of iterations =  1.9

     total cpu time spent up to now is       93.9 secs

     total energy              =    -161.17860107 Ry
     estimated scf accuracy    <       0.00000083 Ry

     iteration # 59     ecut=   120.00 Ry     beta= 0.20
     Davidson diagonalization with overlap
     ethr =  7.38E-10,  avg # of iterations =  6.8

     total cpu time spent up to now is       95.3 secs

     total energy              =    -161.17860111 Ry
     estimated scf accuracy    <       0.00000009 Ry

     iteration # 60     ecut=   120.00 Ry     beta= 0.20
     Davidson diagonalization with overlap
     ethr =  3.82E-10,  avg # of iterations =  6.5

     total cpu time spent up to now is       96.6 secs

     total energy              =    -161.17860115 Ry
     estimated scf accuracy    <       0.00000001 Ry

     iteration # 61     ecut=   120.00 Ry     beta= 0.20
     Davidson diagonalization with overlap
     ethr =  4.87E-11,  avg # of iterations =  5.8

     total cpu time spent up to now is       98.0 secs

     End of self-consistent calculation

          k = 0.0000 0.0000 0.0000 (  5961 PWs)   bands (ev):

   -21.4752  -5.1126  -4.1301  -3.5936  -3.5936  -3.5936   7.2710   7.2710
     7.2710  10.5866  10.5866  10.5866

          k =-0.2500 0.2500-0.2500 (  5952 PWs)   bands (ev):

   -21.3727  -6.5203  -4.5755  -3.7164  -3.7164  -2.0403   7.7530   7.7530
     8.6044  10.1694  10.4099  10.4099

          k = 0.5000-0.5000 0.5000 (  5936 PWs)   bands (ev):

   -21.2664  -7.3396  -4.9606  -3.8328  -3.8328  -1.0295   8.1533   8.1533
     9.8969   9.9355  10.3907  10.3907

          k = 0.0000 0.5000 0.0000 (  5942 PWs)   bands (ev):

   -21.3385  -6.7754  -4.5442  -3.9042  -3.9042  -1.6237   8.2172   8.2172
     8.7038   8.8105  10.9156  10.9156

          k = 0.7500-0.2500 0.7500 (  5924 PWs)   bands (ev):

   -21.2317  -7.2127  -5.9579  -4.0163  -2.8306  -1.1767   8.1715   8.9285
     9.0839  10.1167  10.4785  10.8739

          k = 0.5000 0.0000 0.5000 (  5933 PWs)   bands (ev):

   -21.2673  -6.8730  -6.1156  -3.8366  -2.3551  -1.8799   8.4597   8.5598
     9.2243   9.6966   9.8595  11.1881

          k = 0.0000-1.0000 0.0000 (  5914 PWs)   bands (ev):

   -21.1962  -7.6663  -4.9068  -4.1885  -4.1885  -0.3406   7.1913   9.9742
     9.9742  10.3627  10.3627  10.5784

          k =-0.5000-1.0000 0.0000 (  5940 PWs)   bands (ev):

   -21.1959  -6.8413  -6.8413  -4.2158  -1.7252  -1.7252   8.2008   8.8564
    10.1064  10.1064  10.4642  10.4886

     highest occupied level (ev):    11.1881

!    total energy              =    -161.17860115 Ry
     estimated scf accuracy    <          2.1E-09 Ry

     The total energy is the sum of the following terms:
     one-electron contribution =     -12.49226888 Ry
     hartree contribution      =      24.01939479 Ry
     xc contribution           =     -45.56470834 Ry
     ewald contribution        =    -127.14101872 Ry

     convergence has been achieved in  61 iterations

     Forces acting on atoms (cartesian axes, Ry/au):

     atom    1 type  1   force =    -0.00000000   -0.00000000   -0.00000000
     atom    2 type  2   force =    -0.00000000   -0.00000000    0.00000000
     atom    3 type  2   force =     0.00000000   -0.00000000   -0.00000000

     Total force =     0.000000     Total SCF correction =     0.000000


     Computing stress (Cartesian axis) and pressure

          total   stress  (Ry/bohr**3)                   (kbar)     P=       58.37
   0.00039681   0.00000000   0.00000000           58.37        0.00        0.00
   0.00000000   0.00039681   0.00000000            0.00       58.37        0.00
   0.00000000   0.00000000   0.00039681            0.00        0.00       58.37


     Writing output data file /tmp/ceresoli/ceo2.save/
 
     init_run     :      0.69s CPU      0.74s WALL (       1 calls)
     electrons    :     93.90s CPU     96.78s WALL (       1 calls)
     forces       :      0.13s CPU      0.13s WALL (       1 calls)
     stress       :      0.42s CPU      0.44s WALL (       1 calls)

     Called by init_run:
     wfcinit      :      0.49s CPU      0.51s WALL (       1 calls)
     potinit      :      0.05s CPU      0.05s WALL (       1 calls)
     hinit0       :      0.07s CPU      0.07s WALL (       1 calls)

     Called by electrons:
     c_bands      :     76.27s CPU     78.62s WALL (      61 calls)
     sum_band     :     12.97s CPU     13.36s WALL (      61 calls)
     v_of_rho     :      3.51s CPU      3.61s WALL (      62 calls)
     mix_rho      :      1.05s CPU      1.08s WALL (      61 calls)

     Called by c_bands:
     init_us_2    :      2.29s CPU      2.35s WALL (    1000 calls)
     cegterg      :     73.34s CPU     75.66s WALL (     488 calls)

     Called by *egterg:
     cdiaghg      :      4.63s CPU      4.75s WALL (    2783 calls)
     h_psi        :     62.22s CPU     64.32s WALL (    2791 calls)
     g_psi        :      0.15s CPU      0.15s WALL (    2295 calls)

     Called by h_psi:
     h_psi:calbec :      1.28s CPU      1.33s WALL (    2791 calls)
     vloc_psi     :     59.88s CPU     61.90s WALL (    2791 calls)
     add_vuspsi   :      0.79s CPU      0.82s WALL (    2791 calls)

     General routines
     calbec       :      1.29s CPU      1.34s WALL (    2831 calls)
     fft          :      1.67s CPU      1.74s WALL (     644 calls)
     ffts         :      0.17s CPU      0.18s WALL (      61 calls)
     fftw         :     58.77s CPU     60.77s WALL (   42510 calls)
 
     Parallel routines
     fft_scatt_xy :     10.07s CPU     10.40s WALL (   43215 calls)
     fft_scatt_yz :     14.87s CPU     15.53s WALL (   43215 calls)
 
     PWSCF        :   1m35.65s CPU   1m38.64s WALL

 
   This run was terminated on:  11:10:52  19Nov2020            

=------------------------------------------------------------------------------=
   JOB DONE.
=------------------------------------------------------------------------------=
